2026-09-10T12:49:05Z START SNAP L3 20x10 seed=4000
2026-09-10T12:54:38Z START ECD L4 20x10 seed=4000
2026-09-10T13:01:26Z DONE ECD L4 20x10
2026-09-10T13:01:26Z DONE SNAP L3 20x10 193/200
2026-09-10T13:01:52Z START snap H0 smoke
2026-09-10T13:02:35Z START ecd H0 smoke
2026-09-10T13:03:37Z GDR 8192 queue 40 jobs workers=2
2026-09-10T13:03:37Z START snap H0 nd=3 s8192 shots=8192 n_train=40
2026-09-10T13:03:37Z START snap H1 nd=3 s8192 shots=8192 n_train=40
2026-09-10T13:05:34Z DONE snap H0 s8192 117.5s
2026-09-10T13:05:34Z START snap H2 nd=3 s8192 shots=8192 n_train=40
2026-09-10T13:05:44Z DONE snap H1 s8192 127.6s
2026-09-10T13:05:44Z START snap H3 nd=3 s8192 shots=8192 n_train=40
2026-09-10T13:07:34Z DONE snap H2 s8192 119.9s
2026-09-10T13:07:34Z START snap H4 nd=3 s8192 shots=8192 n_train=40
2026-09-10T13:07:57Z DONE snap H3 s8192 132.5s
2026-09-10T13:07:57Z START snap H5 nd=3 s8192 shots=8192 n_train=40
2026-09-10T13:09:30Z DONE snap H4 s8192 116.2s
2026-09-10T13:09:30Z START snap H6 nd=3 s8192 shots=8192 n_train=40
2026-09-10T13:10:22Z DONE snap H5 s8192 145.3s
2026-09-10T13:10:22Z START snap H7 nd=3 s8192 shots=8192 n_train=40
2026-09-10T13:11:11Z DONE snap H6 s8192 100.5s
2026-09-10T13:11:11Z START snap H8 nd=3 s8192 shots=8192 n_train=40
2026-09-10T13:12:54Z DONE snap H7 s8192 151.5s
2026-09-10T13:12:54Z START snap H9 nd=3 s8192 shots=8192 n_train=40
2026-09-10T13:13:30Z DONE snap H8 s8192 138.7s
2026-09-10T13:13:30Z START snap H10 nd=3 s8192 shots=8192 n_train=40
2026-09-10T13:14:58Z DONE snap H9 s8192 124.1s
2026-09-10T13:14:58Z START snap H11 nd=3 s8192 shots=8192 n_train=40
2026-09-10T13:15:46Z DONE snap H10 s8192 136.4s
2026-09-10T13:15:46Z START snap H12 nd=3 s8192 shots=8192 n_train=40
2026-09-10T13:17:03Z DONE snap H11 s8192 124.8s
2026-09-10T13:17:03Z START snap H13 nd=3 s8192 shots=8192 n_train=40
2026-09-10T13:17:47Z DONE snap H12 s8192 120.8s
2026-09-10T13:17:47Z START snap H14 nd=3 s8192 shots=8192 n_train=40
2026-09-10T13:19:20Z DONE snap H13 s8192 136.9s
2026-09-10T13:19:20Z START snap H15 nd=3 s8192 shots=8192 n_train=40
2026-09-10T13:20:00Z DONE snap H14 s8192 132.7s
2026-09-10T13:20:00Z START snap H16 nd=3 s8192 shots=8192 n_train=40
2026-09-10T13:21:14Z DONE snap H15 s8192 114.1s
2026-09-10T13:21:14Z START snap H17 nd=3 s8192 shots=8192 n_train=40
2026-09-10T13:21:49Z DONE snap H16 s8192 109.2s
2026-09-10T13:21:49Z START snap H18 nd=3 s8192 shots=8192 n_train=40
2026-09-10T13:23:49Z DONE snap H17 s8192 155.2s
2026-09-10T13:23:49Z START snap H19 nd=3 s8192 shots=8192 n_train=40
2026-09-10T13:24:09Z DONE snap H18 s8192 140.3s
2026-09-10T13:24:09Z START ecd H0 nd=4 s8192 shots=8192 n_train=40
2026-09-10T13:26:07Z DONE snap H19 s8192 138.0s
2026-09-10T13:26:07Z START ecd H1 nd=4 s8192 shots=8192 n_train=40
2026-09-10T13:27:21Z DONE ecd H0 s8192 192.0s
2026-09-10T13:27:21Z START ecd H2 nd=4 s8192 shots=8192 n_train=40
2026-09-10T13:29:09Z DONE ecd H1 s8192 181.7s
2026-09-10T13:29:09Z START ecd H3 nd=4 s8192 shots=8192 n_train=40
2026-09-10T13:29:37Z DONE ecd H2 s8192 136.0s
2026-09-10T13:29:37Z START ecd H4 nd=4 s8192 shots=8192 n_train=40
2026-09-10T13:31:42Z DONE ecd H3 s8192 153.0s
2026-09-10T13:31:42Z START ecd H5 nd=4 s8192 shots=8192 n_train=40
2026-09-10T13:32:03Z DONE ecd H4 s8192 145.9s
2026-09-10T13:32:03Z START ecd H6 nd=4 s8192 shots=8192 n_train=40
2026-09-10T13:33:51Z DONE ecd H5 s8192 129.2s
2026-09-10T13:33:51Z START ecd H7 nd=4 s8192 shots=8192 n_train=40
2026-09-10T13:33:56Z DONE ecd H6 s8192 112.6s
2026-09-10T13:33:56Z START ecd H8 nd=4 s8192 shots=8192 n_train=40
2026-09-10T13:35:50Z DONE ecd H8 s8192 114.9s
2026-09-10T13:35:50Z START ecd H9 nd=4 s8192 shots=8192 n_train=40
2026-09-10T13:36:41Z DONE ecd H7 s8192 170.3s
2026-09-10T13:36:41Z START ecd H10 nd=4 s8192 shots=8192 n_train=40
2026-09-10T13:38:25Z DONE ecd H9 s8192 154.5s
2026-09-10T13:38:25Z START ecd H11 nd=4 s8192 shots=8192 n_train=40
2026-09-10T13:40:14Z DONE ecd H10 s8192 213.0s
2026-09-10T13:40:14Z START ecd H12 nd=4 s8192 shots=8192 n_train=40
2026-09-10T13:40:44Z DONE ecd H11 s8192 138.6s
2026-09-10T13:40:44Z START ecd H13 nd=4 s8192 shots=8192 n_train=40
2026-09-10T13:42:55Z DONE ecd H13 s8192 131.7s
2026-09-10T13:42:55Z START ecd H14 nd=4 s8192 shots=8192 n_train=40
2026-09-10T13:43:00Z DONE ecd H12 s8192 166.2s
2026-09-10T13:43:00Z START ecd H15 nd=4 s8192 shots=8192 n_train=40
2026-09-10T13:50:17Z DONE ecd H14 s8192 442.0s
2026-09-10T13:50:17Z START ecd H16 nd=4 s8192 shots=8192 n_train=40
2026-09-10T13:50:45Z DONE ecd H15 s8192 464.6s
2026-09-10T13:50:45Z START ecd H17 nd=4 s8192 shots=8192 n_train=40
2026-09-10T13:53:15Z DONE ecd H17 s8192 150.6s
2026-09-10T13:53:15Z START ecd H18 nd=4 s8192 shots=8192 n_train=40
2026-09-10T13:54:06Z DONE ecd H16 s8192 228.5s
2026-09-10T13:54:06Z START ecd H19 nd=4 s8192 shots=8192 n_train=40
2026-09-10T13:56:01Z DONE ecd H18 s8192 165.7s
2026-09-10T13:56:54Z DONE ecd H19 s8192 168.5s
2026-09-10T13:56:54Z GDR 8192 queue finished rc=0
2026-09-10T14:09:44Z START SNAP L2 20x10 seed=4000
2026-09-10T14:12:47Z START ECD L3 20x10 seed=4000
2026-09-10T14:18:17Z START snap L2 H0 smoke
2026-09-10T14:19:02Z START ecd L3 H0 smoke
2026-09-10T14:20:20Z GDR 8192 suite=l2l3 queue 40 jobs workers=2
2026-09-10T14:20:20Z START snap H0 nd=2 s8192 shots=8192 n_train=40
2026-09-10T14:20:20Z START snap H1 nd=2 s8192 shots=8192 n_train=40
2026-09-10T14:22:22Z DONE snap H0 s8192 122.2s
2026-09-10T14:22:22Z START snap H2 nd=2 s8192 shots=8192 n_train=40
2026-09-10T14:22:55Z DONE snap H1 s8192 155.1s
2026-09-10T14:22:55Z START snap H3 nd=2 s8192 shots=8192 n_train=40
2026-09-10T14:24:14Z DONE snap H2 s8192 111.8s
2026-09-10T14:24:14Z START snap H4 nd=2 s8192 shots=8192 n_train=40
2026-09-10T14:24:51Z DONE snap H3 s8192 115.7s
2026-09-10T14:24:51Z START snap H5 nd=2 s8192 shots=8192 n_train=40
2026-09-10T14:26:01Z DONE snap H4 s8192 106.8s
2026-09-10T14:26:01Z START snap H6 nd=2 s8192 shots=8192 n_train=40
2026-09-10T14:26:51Z DONE snap H5 s8192 120.1s
2026-09-10T14:26:51Z START snap H7 nd=2 s8192 shots=8192 n_train=40
2026-09-10T14:27:45Z DONE snap H6 s8192 104.7s
2026-09-10T14:27:45Z START snap H8 nd=2 s8192 shots=8192 n_train=40
2026-09-10T14:28:57Z DONE snap H7 s8192 126.1s
2026-09-10T14:28:57Z START snap H9 nd=2 s8192 shots=8192 n_train=40
2026-09-10T14:29:42Z DONE snap H8 s8192 116.8s
2026-09-10T14:29:42Z START snap H10 nd=2 s8192 shots=8192 n_train=40
2026-09-10T14:31:38Z DONE snap H10 s8192 115.6s
2026-09-10T14:31:38Z START snap H11 nd=2 s8192 shots=8192 n_train=40
2026-09-10T14:31:40Z DONE snap H9 s8192 162.9s
2026-09-10T14:31:40Z START snap H12 nd=2 s8192 shots=8192 n_train=40
2026-09-10T14:33:38Z DONE snap H11 s8192 120.2s
2026-09-10T14:33:38Z START snap H13 nd=2 s8192 shots=8192 n_train=40
2026-09-10T14:33:57Z DONE snap H12 s8192 137.0s
2026-09-10T14:33:57Z START snap H14 nd=2 s8192 shots=8192 n_train=40
2026-09-10T14:35:45Z DONE snap H14 s8192 108.6s
2026-09-10T14:35:45Z START snap H15 nd=2 s8192 shots=8192 n_train=40
2026-09-10T14:35:50Z DONE snap H13 s8192 131.9s
2026-09-10T14:35:50Z START snap H16 nd=2 s8192 shots=8192 n_train=40
2026-09-10T14:37:39Z DONE snap H15 s8192 113.7s
2026-09-10T14:37:39Z START snap H17 nd=2 s8192 shots=8192 n_train=40
2026-09-10T14:37:45Z DONE snap H16 s8192 114.6s
2026-09-10T14:37:45Z START snap H18 nd=2 s8192 shots=8192 n_train=40
2026-09-10T14:39:35Z DONE snap H18 s8192 110.1s
2026-09-10T14:39:35Z START snap H19 nd=2 s8192 shots=8192 n_train=40
2026-09-10T14:39:59Z DONE snap H17 s8192 140.2s
2026-09-10T14:39:59Z START ecd H0 nd=3 s8192 shots=8192 n_train=40
2026-09-10T14:41:41Z DONE snap H19 s8192 126.6s
2026-09-10T14:41:41Z START ecd H1 nd=3 s8192 shots=8192 n_train=40
2026-09-10T14:43:27Z DONE ecd H0 s8192 207.7s
2026-09-10T14:43:27Z START ecd H2 nd=3 s8192 shots=8192 n_train=40
2026-09-10T14:44:28Z DONE ecd H1 s8192 167.2s
2026-09-10T14:44:28Z START ecd H3 nd=3 s8192 shots=8192 n_train=40
2026-09-10T14:45:49Z DONE ecd H2 s8192 141.9s
2026-09-10T14:45:49Z START ecd H4 nd=3 s8192 shots=8192 n_train=40
2026-09-10T14:47:15Z DONE ecd H3 s8192 166.8s
2026-09-10T14:47:15Z START ecd H5 nd=3 s8192 shots=8192 n_train=40
2026-09-10T14:47:59Z DONE ecd H4 s8192 130.2s
2026-09-10T14:47:59Z START ecd H6 nd=3 s8192 shots=8192 n_train=40
2026-09-10T14:49:10Z DONE ecd H5 s8192 114.3s
2026-09-10T14:49:10Z START ecd H7 nd=3 s8192 shots=8192 n_train=40
2026-09-10T14:50:56Z DONE ecd H6 s8192 177.1s
2026-09-10T14:50:56Z START ecd H8 nd=3 s8192 shots=8192 n_train=40
2026-09-10T14:52:40Z DONE ecd H7 s8192 210.3s
2026-09-10T14:52:40Z START ecd H9 nd=3 s8192 shots=8192 n_train=40
2026-09-10T14:53:27Z DONE ecd H8 s8192 150.6s
2026-09-10T14:53:27Z START ecd H10 nd=3 s8192 shots=8192 n_train=40
2026-09-10T14:56:02Z DONE ecd H9 s8192 202.6s
2026-09-10T14:56:02Z START ecd H11 nd=3 s8192 shots=8192 n_train=40
2026-09-10T14:56:49Z DONE ecd H10 s8192 202.9s
2026-09-10T14:56:49Z START ecd H12 nd=3 s8192 shots=8192 n_train=40
2026-09-10T14:59:46Z DONE ecd H12 s8192 176.9s
2026-09-10T14:59:46Z START ecd H13 nd=3 s8192 shots=8192 n_train=40
2026-09-10T15:09:11Z DONE ecd H11 s8192 788.7s
2026-09-10T15:09:11Z START ecd H14 nd=3 s8192 shots=8192 n_train=40
2026-09-10T15:11:48Z DONE ecd H14 s8192 156.7s
2026-09-10T15:11:48Z START ecd H15 nd=3 s8192 shots=8192 n_train=40
2026-09-10T15:12:08Z DONE ecd H13 s8192 741.6s
2026-09-10T15:12:08Z START ecd H16 nd=3 s8192 shots=8192 n_train=40
2026-09-10T15:14:09Z DONE ecd H16 s8192 121.1s
2026-09-10T15:14:09Z START ecd H17 nd=3 s8192 shots=8192 n_train=40
2026-09-10T15:14:19Z DONE ecd H15 s8192 151.3s
2026-09-10T15:14:19Z START ecd H18 nd=3 s8192 shots=8192 n_train=40
2026-09-10T15:16:14Z DONE ecd H18 s8192 115.2s
2026-09-10T15:16:14Z START ecd H19 nd=3 s8192 shots=8192 n_train=40
2026-09-10T15:17:47Z DONE ecd H17 s8192 217.7s
2026-09-10T15:18:44Z DONE ecd H19 s8192 149.6s
2026-09-10T15:18:44Z GDR 8192 suite=l2l3 finished rc=0
2026-09-11T01:02:39Z GDR smoke suite=l1l2 queue 2 jobs workers=2
2026-09-11T01:02:39Z START snap H0 nd=1 smoke shots=4000 n_train=12
2026-09-11T01:02:39Z START ecd H0 nd=2 smoke shots=4000 n_train=12
2026-09-11T01:03:14Z DONE snap H0 smoke 34.5s
2026-09-11T01:03:21Z DONE ecd H0 smoke 42.0s
2026-09-11T01:03:21Z GDR smoke suite=l1l2 finished rc=0
2026-09-11T01:03:46Z GDR 8192 suite=l1l2 queue 40 jobs workers=2
2026-09-11T01:03:46Z START snap H0 nd=1 s8192 shots=8192 n_train=40
2026-09-11T01:03:46Z START snap H1 nd=1 s8192 shots=8192 n_train=40
2026-09-11T01:05:22Z DONE snap H0 s8192 96.3s
2026-09-11T01:05:22Z START snap H2 nd=1 s8192 shots=8192 n_train=40
2026-09-11T01:05:37Z DONE snap H1 s8192 111.7s
2026-09-11T01:05:37Z START snap H3 nd=1 s8192 shots=8192 n_train=40
2026-09-11T01:07:08Z DONE snap H2 s8192 105.7s
2026-09-11T01:07:08Z START snap H4 nd=1 s8192 shots=8192 n_train=40
2026-09-11T01:07:29Z DONE snap H3 s8192 111.2s
2026-09-11T01:07:29Z START snap H5 nd=1 s8192 shots=8192 n_train=40
2026-09-11T01:08:58Z DONE snap H4 s8192 109.8s
2026-09-11T01:08:58Z START snap H6 nd=1 s8192 shots=8192 n_train=40
2026-09-11T01:09:15Z DONE snap H5 s8192 106.8s
2026-09-11T01:09:15Z START snap H7 nd=1 s8192 shots=8192 n_train=40
2026-09-11T01:10:49Z DONE snap H6 s8192 111.2s
2026-09-11T01:10:49Z START snap H8 nd=1 s8192 shots=8192 n_train=40
2026-09-11T01:10:50Z DONE snap H7 s8192 94.6s
2026-09-11T01:10:50Z START snap H9 nd=1 s8192 shots=8192 n_train=40
2026-09-11T01:12:42Z DONE snap H9 s8192 112.2s
2026-09-11T01:12:42Z START snap H10 nd=1 s8192 shots=8192 n_train=40
2026-09-11T01:12:42Z DONE snap H8 s8192 113.5s
2026-09-11T01:12:42Z START snap H11 nd=1 s8192 shots=8192 n_train=40
2026-09-11T01:14:20Z DONE snap H11 s8192 97.4s
2026-09-11T01:14:20Z START snap H12 nd=1 s8192 shots=8192 n_train=40
2026-09-11T01:14:25Z DONE snap H10 s8192 103.2s
2026-09-11T01:14:25Z START snap H13 nd=1 s8192 shots=8192 n_train=40
2026-09-11T01:15:59Z DONE snap H13 s8192 93.6s
2026-09-11T01:15:59Z START snap H14 nd=1 s8192 shots=8192 n_train=40
2026-09-11T01:16:06Z DONE snap H12 s8192 105.8s
2026-09-11T01:16:06Z START snap H15 nd=1 s8192 shots=8192 n_train=40
2026-09-11T01:17:29Z DONE snap H14 s8192 89.5s
2026-09-11T01:17:29Z START snap H16 nd=1 s8192 shots=8192 n_train=40
2026-09-11T01:17:46Z DONE snap H15 s8192 100.7s
2026-09-11T01:17:46Z START snap H17 nd=1 s8192 shots=8192 n_train=40
2026-09-11T01:19:22Z DONE snap H17 s8192 95.9s
2026-09-11T01:19:22Z START snap H18 nd=1 s8192 shots=8192 n_train=40
2026-09-11T01:19:31Z DONE snap H16 s8192 122.1s
2026-09-11T01:19:31Z START snap H19 nd=1 s8192 shots=8192 n_train=40
2026-09-11T01:21:03Z DONE snap H19 s8192 92.0s
2026-09-11T01:21:03Z START ecd H0 nd=2 s8192 shots=8192 n_train=40
2026-09-11T01:21:10Z DONE snap H18 s8192 108.3s
2026-09-11T01:21:10Z START ecd H1 nd=2 s8192 shots=8192 n_train=40
2026-09-11T01:23:58Z DONE ecd H1 s8192 167.9s
2026-09-11T01:23:58Z START ecd H2 nd=2 s8192 shots=8192 n_train=40
2026-09-11T01:24:35Z DONE ecd H0 s8192 212.8s
2026-09-11T01:24:35Z START ecd H3 nd=2 s8192 shots=8192 n_train=40
2026-09-11T01:26:04Z DONE ecd H2 s8192 125.5s
2026-09-11T01:26:04Z START ecd H4 nd=2 s8192 shots=8192 n_train=40
2026-09-11T01:26:47Z DONE ecd H3 s8192 131.6s
2026-09-11T01:26:47Z START ecd H5 nd=2 s8192 shots=8192 n_train=40
2026-09-11T01:28:47Z DONE ecd H5 s8192 119.7s
2026-09-11T01:28:47Z START ecd H6 nd=2 s8192 shots=8192 n_train=40
2026-09-11T01:29:18Z DONE ecd H4 s8192 194.4s
2026-09-11T01:29:18Z START ecd H7 nd=2 s8192 shots=8192 n_train=40
2026-09-11T01:30:59Z DONE ecd H6 s8192 132.6s
2026-09-11T01:30:59Z START ecd H8 nd=2 s8192 shots=8192 n_train=40
2026-09-11T01:32:44Z DONE ecd H7 s8192 205.4s
2026-09-11T01:32:44Z START ecd H9 nd=2 s8192 shots=8192 n_train=40
2026-09-11T01:33:29Z DONE ecd H8 s8192 149.4s
2026-09-11T01:33:29Z START ecd H10 nd=2 s8192 shots=8192 n_train=40
2026-09-11T01:36:09Z DONE ecd H9 s8192 205.7s
2026-09-11T01:36:09Z START ecd H11 nd=2 s8192 shots=8192 n_train=40
2026-09-11T01:36:28Z DONE ecd H10 s8192 179.2s
2026-09-11T01:36:28Z START ecd H12 nd=2 s8192 shots=8192 n_train=40
2026-09-11T01:38:42Z DONE ecd H12 s8192 134.0s
2026-09-11T01:38:42Z START ecd H13 nd=2 s8192 shots=8192 n_train=40
2026-09-11T01:39:05Z DONE ecd H11 s8192 175.3s
2026-09-11T01:39:05Z START ecd H14 nd=2 s8192 shots=8192 n_train=40
2026-09-11T01:41:08Z DONE ecd H13 s8192 146.0s
2026-09-11T01:41:08Z START ecd H15 nd=2 s8192 shots=8192 n_train=40
2026-09-11T01:42:10Z DONE ecd H14 s8192 185.6s
2026-09-11T01:42:10Z START ecd H16 nd=2 s8192 shots=8192 n_train=40
2026-09-11T01:44:09Z DONE ecd H15 s8192 180.6s
2026-09-11T01:44:09Z START ecd H17 nd=2 s8192 shots=8192 n_train=40
2026-09-11T01:45:24Z DONE ecd H16 s8192 194.1s
2026-09-11T01:45:24Z START ecd H18 nd=2 s8192 shots=8192 n_train=40
2026-09-11T01:46:56Z DONE ecd H17 s8192 166.9s
2026-09-11T01:46:56Z START ecd H19 nd=2 s8192 shots=8192 n_train=40
2026-09-11T01:48:03Z DONE ecd H18 s8192 158.6s
2026-09-11T01:50:35Z DONE ecd H19 s8192 219.2s
2026-09-11T01:50:35Z GDR 8192 suite=l1l2 finished rc=0
