2026-09-10T13:03:37Z GDR 8192 queue 40 jobs workers=2
2026-09-10T13:03:37Z START snap H0 nd=3 s8192 shots=8192 n_train=40
2026-09-10T13:03:37Z START snap H1 nd=3 s8192 shots=8192 n_train=40
2026-09-10T13:05:34Z DONE snap H0 s8192 117.5s
2026-09-10T13:05:34Z START snap H2 nd=3 s8192 shots=8192 n_train=40
2026-09-10T13:05:44Z DONE snap H1 s8192 127.6s
2026-09-10T13:05:44Z START snap H3 nd=3 s8192 shots=8192 n_train=40
2026-09-10T13:07:34Z DONE snap H2 s8192 119.9s
2026-09-10T13:07:34Z START snap H4 nd=3 s8192 shots=8192 n_train=40
2026-09-10T13:07:57Z DONE snap H3 s8192 132.5s
2026-09-10T13:07:57Z START snap H5 nd=3 s8192 shots=8192 n_train=40
2026-09-10T13:09:30Z DONE snap H4 s8192 116.2s
2026-09-10T13:09:30Z START snap H6 nd=3 s8192 shots=8192 n_train=40
2026-09-10T13:10:22Z DONE snap H5 s8192 145.3s
2026-09-10T13:10:22Z START snap H7 nd=3 s8192 shots=8192 n_train=40
2026-09-10T13:11:11Z DONE snap H6 s8192 100.5s
2026-09-10T13:11:11Z START snap H8 nd=3 s8192 shots=8192 n_train=40
2026-09-10T13:12:54Z DONE snap H7 s8192 151.5s
2026-09-10T13:12:54Z START snap H9 nd=3 s8192 shots=8192 n_train=40
2026-09-10T13:13:30Z DONE snap H8 s8192 138.7s
2026-09-10T13:13:30Z START snap H10 nd=3 s8192 shots=8192 n_train=40
2026-09-10T13:14:58Z DONE snap H9 s8192 124.1s
2026-09-10T13:14:58Z START snap H11 nd=3 s8192 shots=8192 n_train=40
2026-09-10T13:15:46Z DONE snap H10 s8192 136.4s
2026-09-10T13:15:46Z START snap H12 nd=3 s8192 shots=8192 n_train=40
2026-09-10T13:17:03Z DONE snap H11 s8192 124.8s
2026-09-10T13:17:03Z START snap H13 nd=3 s8192 shots=8192 n_train=40
2026-09-10T13:17:47Z DONE snap H12 s8192 120.8s
2026-09-10T13:17:47Z START snap H14 nd=3 s8192 shots=8192 n_train=40
2026-09-10T13:19:20Z DONE snap H13 s8192 136.9s
2026-09-10T13:19:20Z START snap H15 nd=3 s8192 shots=8192 n_train=40
2026-09-10T13:20:00Z DONE snap H14 s8192 132.7s
2026-09-10T13:20:00Z START snap H16 nd=3 s8192 shots=8192 n_train=40
2026-09-10T13:21:14Z DONE snap H15 s8192 114.1s
2026-09-10T13:21:14Z START snap H17 nd=3 s8192 shots=8192 n_train=40
2026-09-10T13:21:49Z DONE snap H16 s8192 109.2s
2026-09-10T13:21:49Z START snap H18 nd=3 s8192 shots=8192 n_train=40
2026-09-10T13:23:49Z DONE snap H17 s8192 155.2s
2026-09-10T13:23:49Z START snap H19 nd=3 s8192 shots=8192 n_train=40
2026-09-10T13:24:09Z DONE snap H18 s8192 140.3s
2026-09-10T13:24:09Z START ecd H0 nd=4 s8192 shots=8192 n_train=40
2026-09-10T13:26:07Z DONE snap H19 s8192 138.0s
2026-09-10T13:26:07Z START ecd H1 nd=4 s8192 shots=8192 n_train=40
2026-09-10T13:27:21Z DONE ecd H0 s8192 192.0s
2026-09-10T13:27:21Z START ecd H2 nd=4 s8192 shots=8192 n_train=40
2026-09-10T13:29:09Z DONE ecd H1 s8192 181.7s
2026-09-10T13:29:09Z START ecd H3 nd=4 s8192 shots=8192 n_train=40
2026-09-10T13:29:37Z DONE ecd H2 s8192 136.0s
2026-09-10T13:29:37Z START ecd H4 nd=4 s8192 shots=8192 n_train=40
2026-09-10T13:31:42Z DONE ecd H3 s8192 153.0s
2026-09-10T13:31:42Z START ecd H5 nd=4 s8192 shots=8192 n_train=40
2026-09-10T13:32:03Z DONE ecd H4 s8192 145.9s
2026-09-10T13:32:03Z START ecd H6 nd=4 s8192 shots=8192 n_train=40
2026-09-10T13:33:51Z DONE ecd H5 s8192 129.2s
2026-09-10T13:33:51Z START ecd H7 nd=4 s8192 shots=8192 n_train=40
2026-09-10T13:33:56Z DONE ecd H6 s8192 112.6s
2026-09-10T13:33:56Z START ecd H8 nd=4 s8192 shots=8192 n_train=40
2026-09-10T13:35:50Z DONE ecd H8 s8192 114.9s
2026-09-10T13:35:50Z START ecd H9 nd=4 s8192 shots=8192 n_train=40
2026-09-10T13:36:41Z DONE ecd H7 s8192 170.3s
2026-09-10T13:36:41Z START ecd H10 nd=4 s8192 shots=8192 n_train=40
2026-09-10T13:38:25Z DONE ecd H9 s8192 154.5s
2026-09-10T13:38:25Z START ecd H11 nd=4 s8192 shots=8192 n_train=40
2026-09-10T13:40:14Z DONE ecd H10 s8192 213.0s
2026-09-10T13:40:14Z START ecd H12 nd=4 s8192 shots=8192 n_train=40
2026-09-10T13:40:44Z DONE ecd H11 s8192 138.6s
2026-09-10T13:40:44Z START ecd H13 nd=4 s8192 shots=8192 n_train=40
2026-09-10T13:42:55Z DONE ecd H13 s8192 131.7s
2026-09-10T13:42:55Z START ecd H14 nd=4 s8192 shots=8192 n_train=40
2026-09-10T13:43:00Z DONE ecd H12 s8192 166.2s
2026-09-10T13:43:00Z START ecd H15 nd=4 s8192 shots=8192 n_train=40
2026-09-10T13:50:17Z DONE ecd H14 s8192 442.0s
2026-09-10T13:50:17Z START ecd H16 nd=4 s8192 shots=8192 n_train=40
2026-09-10T13:50:45Z DONE ecd H15 s8192 464.6s
2026-09-10T13:50:45Z START ecd H17 nd=4 s8192 shots=8192 n_train=40
2026-09-10T13:53:15Z DONE ecd H17 s8192 150.6s
2026-09-10T13:53:15Z START ecd H18 nd=4 s8192 shots=8192 n_train=40
2026-09-10T13:54:06Z DONE ecd H16 s8192 228.5s
2026-09-10T13:54:06Z START ecd H19 nd=4 s8192 shots=8192 n_train=40
2026-09-10T13:56:01Z DONE ecd H18 s8192 165.7s
2026-09-10T13:56:54Z DONE ecd H19 s8192 168.5s
2026-09-10T13:56:54Z GDR 8192 queue finished rc=0
