SNAP vs ECD  preset=paper  ECD N_d=5  SNAP N_d=[1, 2]  trials=50  maxiter=200  workers=7
reusing ECD from paper_result/out/fig5.json  (n=50)
=== SNAP-VQE  N_d=1  params=18  trials=50  maxiter=200  workers=7 ===
[1/100] snap t1  gibbs  P*=0.0000  E=42.247  bits=0000001  nit=1
[2/100] snap t2  gibbs  P*=0.0657  E=6.352  bits=0101000  nit=11
[3/100] snap t3  gibbs  P*=0.0657  E=6.357  bits=0101000  nit=6
[4/100] snap t0  energy  P*=0.0126  E=1.738  bits=0111000  nit=11
[5/100] snap t4  gibbs  P*=0.0657  E=6.347  bits=0101000  nit=5
[6/100] snap t5  gibbs  P*=0.0656  E=6.401  bits=0101000  nit=6
[7/100] snap t0  gibbs  P*=0.0656  E=6.394  bits=0101000  nit=6
[8/100] snap t5  energy  P*=0.0126  E=1.738  bits=0111000  nit=18
[9/100] snap t3  energy  P*=0.0126  E=1.738  bits=0111000  nit=10
[10/100] snap t6  energy  P*=0.0126  E=1.738  bits=0111000  nit=15
[11/100] snap t6  gibbs  P*=0.0659  E=6.275  bits=0101000  nit=11
[12/100] snap t7  gibbs  P*=0.0032  E=22.862  bits=0001000  nit=1
[13/100] snap t8  gibbs  P*=0.0001  E=14.645  bits=0001010  nit=1
[14/100] snap t4  energy  P*=0.0126  E=1.738  bits=0111000  nit=12
[15/100] snap t9  gibbs  P*=0.0001  E=21.900  bits=0010111  nit=1
[16/100] snap t2  energy  P*=0.0126  E=1.738  bits=0111000  nit=13
[17/100] snap t10  gibbs  P*=0.0485  E=3.849  bits=0101000  nit=5
[18/100] snap t11  gibbs  P*=0.0257  E=12.131  bits=0010000  nit=1
[19/100] snap t10  energy  P*=0.0126  E=1.738  bits=0111000  nit=12
[20/100] snap t1  energy  P*=0.0000  E=4.793  bits=0000111  nit=14
[21/100] snap t9  energy  P*=0.0000  E=3.129  bits=0000111  nit=11
[22/100] snap t12  energy  P*=0.0126  E=1.738  bits=0111000  nit=9
[23/100] snap t8  energy  P*=0.0000  E=3.129  bits=0000111  nit=11
[24/100] snap t12  gibbs  P*=0.0659  E=6.262  bits=0101000  nit=1
[25/100] snap t13  gibbs  P*=0.0658  E=6.332  bits=0101000  nit=6
[26/100] snap t14  energy  P*=0.0000  E=3.129  bits=0000111  nit=10
[27/100] snap t15  gibbs  P*=0.0630  E=6.756  bits=0101000  nit=1
[28/100] snap t14  gibbs  P*=0.0654  E=6.584  bits=0101000  nit=10
[29/100] snap t13  energy  P*=0.0126  E=1.738  bits=0111000  nit=15
[30/100] snap t16  gibbs  P*=0.0658  E=6.301  bits=0101000  nit=11
[31/100] snap t7  energy  P*=0.0126  E=1.738  bits=0111000  nit=18
[32/100] snap t17  energy  P*=0.0126  E=1.738  bits=0111000  nit=14
[33/100] snap t11  energy  P*=0.0126  E=1.738  bits=0111000  nit=12
[34/100] snap t17  gibbs  P*=0.0661  E=6.100  bits=0101000  nit=11
[35/100] snap t19  energy  P*=0.0126  E=1.738  bits=0111000  nit=18
[36/100] snap t18  gibbs  P*=0.0656  E=6.406  bits=0101000  nit=6
[37/100] snap t15  energy  P*=0.0126  E=1.738  bits=0111000  nit=15
[38/100] snap t21  gibbs  P*=0.0658  E=6.336  bits=0101000  nit=6
[39/100] snap t16  energy  P*=0.0126  E=1.738  bits=0111000  nit=15
[40/100] snap t22  gibbs  P*=0.0504  E=9.865  bits=0011000  nit=1
[41/100] snap t19  gibbs  P*=0.0656  E=6.391  bits=0101000  nit=11
[42/100] snap t23  gibbs  P*=0.0657  E=6.371  bits=0101000  nit=11
[43/100] snap t18  energy  P*=0.0126  E=1.738  bits=0111000  nit=19
[44/100] snap t20  gibbs  P*=0.0659  E=6.279  bits=0101000  nit=11
[45/100] snap t24  gibbs  P*=0.0187  E=16.961  bits=0010000  nit=1
[46/100] snap t23  energy  P*=0.0126  E=1.738  bits=0111000  nit=12
[47/100] snap t20  energy  P*=0.0126  E=1.738  bits=0111000  nit=18
[48/100] snap t22  energy  P*=0.0126  E=1.738  bits=0111000  nit=15
[49/100] snap t26  energy  P*=0.0126  E=1.738  bits=0111000  nit=12
[50/100] snap t24  energy  P*=0.0126  E=1.738  bits=0111000  nit=9
[51/100] snap t21  energy  P*=0.0126  E=1.738  bits=0111000  nit=15
[52/100] snap t28  gibbs  P*=0.0661  E=6.060  bits=0101000  nit=6
[53/100] snap t26  gibbs  P*=0.0656  E=6.400  bits=0101000  nit=6
[54/100] snap t25  energy  P*=0.0126  E=1.738  bits=0111000  nit=17
[55/100] snap t25  gibbs  P*=0.0658  E=6.296  bits=0101000  nit=11
[56/100] snap t29  gibbs  P*=0.0653  E=6.625  bits=0101000  nit=11
[57/100] snap t28  energy  P*=0.0126  E=1.738  bits=0111000  nit=12
[58/100] snap t27  gibbs  P*=0.0658  E=6.321  bits=0101000  nit=11
[59/100] snap t30  gibbs  P*=0.0658  E=6.336  bits=0101000  nit=11
[60/100] snap t27  energy  P*=0.0126  E=1.738  bits=0111000  nit=17
[61/100] snap t32  gibbs  P*=0.0658  E=6.338  bits=0101000  nit=6
[62/100] snap t29  energy  P*=0.0144  E=2.239  bits=0111000  nit=14
[63/100] snap t31  gibbs  P*=0.0477  E=3.299  bits=0101000  nit=6
[64/100] snap t33  energy  P*=0.0126  E=1.738  bits=0111000  nit=15
[65/100] snap t31  energy  P*=0.0128  E=1.159  bits=0111000  nit=11
[66/100] snap t30  energy  P*=0.0126  E=1.738  bits=0111000  nit=17
[67/100] snap t33  gibbs  P*=0.0657  E=6.375  bits=0101000  nit=11
[68/100] snap t34  energy  P*=0.0126  E=1.738  bits=0111000  nit=17
[69/100] snap t36  gibbs  P*=0.0657  E=6.366  bits=0101000  nit=11
[70/100] snap t32  energy  P*=0.0126  E=1.738  bits=0111000  nit=19
[71/100] snap t37  gibbs  P*=0.0656  E=6.410  bits=0101000  nit=6
[72/100] snap t37  energy  P*=0.0126  E=1.738  bits=0111000  nit=14
[73/100] snap t34  gibbs  P*=0.0484  E=3.645  bits=0101000  nit=6
[74/100] snap t35  energy  P*=0.0000  E=3.129  bits=0000111  nit=14
[75/100] snap t38  gibbs  P*=0.0661  E=6.062  bits=0101000  nit=6
[76/100] snap t39  gibbs  P*=0.0660  E=6.139  bits=0101000  nit=6
[77/100] snap t40  gibbs  P*=0.0000  E=3.209  bits=0000111  nit=6
[78/100] snap t35  gibbs  P*=0.0660  E=6.208  bits=0101000  nit=6
[79/100] snap t38  energy  P*=0.0126  E=1.738  bits=0111000  nit=7
[80/100] snap t36  energy  P*=0.0126  E=1.738  bits=0111000  nit=18
[81/100] snap t41  gibbs  P*=0.0660  E=6.161  bits=0101000  nit=20
[82/100] snap t39  energy  P*=0.0126  E=1.738  bits=0111000  nit=18
[83/100] snap t40  energy  P*=0.0000  E=3.129  bits=0000111  nit=11
[84/100] snap t44  gibbs  P*=0.0483  E=4.104  bits=0101000  nit=10
[85/100] snap t42  energy  P*=0.0126  E=1.738  bits=0111000  nit=15
[86/100] snap t41  energy  P*=0.0126  E=1.738  bits=0111000  nit=19
[87/100] snap t45  energy  P*=0.0126  E=1.738  bits=0111000  nit=11
[88/100] snap t43  energy  P*=0.0000  E=3.129  bits=0000111  nit=10
[89/100] snap t42  gibbs  P*=0.0660  E=6.148  bits=0101000  nit=6
[90/100] snap t43  gibbs  P*=0.0659  E=6.259  bits=0101000  nit=6
[91/100] snap t45  gibbs  P*=0.0659  E=6.243  bits=0101000  nit=6
[92/100] snap t44  energy  P*=0.0126  E=1.738  bits=0111000  nit=18
[93/100] snap t48  gibbs  P*=0.0002  E=18.659  bits=0010101  nit=1
[94/100] snap t46  energy  P*=0.0126  E=1.738  bits=0111000  nit=14
[95/100] snap t49  gibbs  P*=0.0658  E=6.300  bits=0101000  nit=11
[96/100] snap t46  gibbs  P*=0.0657  E=6.371  bits=0101000  nit=11
[97/100] snap t47  energy  P*=0.0126  E=1.738  bits=0111000  nit=18
[98/100] snap t47  gibbs  P*=0.0484  E=3.714  bits=0101000  nit=6
[99/100] snap t48  energy  P*=0.0000  E=3.129  bits=0000111  nit=11
[100/100] snap t49  energy  P*=0.0126  E=1.738  bits=0111000  nit=16
  snap energy: 0/50 hit GS  best P*=0.0144  mean P*=0.0106
  snap gibbs: 0/50 hit GS  best P*=0.0661  mean P*=0.0541
  paired: Gibbs-only 0  energy-only 0  both 0  neither 50
  wall 53.0s
=== SNAP-VQE  N_d=2  params=36  trials=50  maxiter=200  workers=7 ===
[1/100] snap t0  gibbs  P*=0.0364  E=25.571  bits=0111000  nit=1
[2/100] snap t1  gibbs  P*=0.0514  E=15.173  bits=0100011  nit=1
[3/100] snap t2  gibbs  P*=0.4019  E=4.670  bits=0110000  nit=6
[4/100] snap t4  gibbs  P*=0.2215  E=19.979  bits=0110000  nit=6
[5/100] snap t3  gibbs  P*=0.8238  E=-2.666  bits=0110000  nit=47
[6/100] snap t1  energy  P*=0.0126  E=1.738  bits=0111000  nit=30
[7/100] snap t5  gibbs  P*=0.4189  E=12.132  bits=0110000  nit=6
[8/100] snap t3  energy  P*=0.0000  E=-3.067  bits=0100001  nit=54
[9/100] snap t0  energy  P*=0.0001  E=-4.893  bits=0010110  nit=92
[10/100] snap t4  energy  P*=0.9110  E=-11.486  bits=0110000  nit=85
[11/100] snap t2  energy  P*=0.9127  E=-11.255  bits=0110000  nit=97
[12/100] snap t7  gibbs  P*=0.3944  E=6.343  bits=0110000  nit=11
[13/100] snap t5  energy  P*=0.0000  E=3.037  bits=0000111  nit=103
[14/100] snap t6  gibbs  P*=0.7831  E=-0.855  bits=0110000  nit=57
[15/100] snap t9  gibbs  P*=0.0008  E=17.626  bits=0100110  nit=6
[16/100] snap t10  gibbs  P*=0.4786  E=5.622  bits=0110000  nit=6
[17/100] snap t8  gibbs  P*=0.9807  E=-10.899  bits=0110000  nit=44
[18/100] snap t11  gibbs  P*=0.3604  E=6.949  bits=0110000  nit=6
[19/100] snap t7  energy  P*=0.0422  E=-7.484  bits=0110100  nit=79
[20/100] snap t6  energy  P*=0.9010  E=-11.397  bits=0110000  nit=113
[21/100] snap t10  energy  P*=0.0000  E=-2.554  bits=0100001  nit=53
[22/100] snap t8  energy  P*=0.0000  E=-5.644  bits=0010110  nit=67
[23/100] snap t9  energy  P*=0.0000  E=1.313  bits=0000111  nit=75
[24/100] snap t11  energy  P*=0.9127  E=-11.255  bits=0110000  nit=72
[25/100] snap t13  gibbs  P*=0.6681  E=-4.294  bits=0110000  nit=26
[26/100] snap t12  energy  P*=0.9127  E=-11.255  bits=0110000  nit=66
[27/100] snap t15  gibbs  P*=0.0981  E=18.473  bits=0001000  nit=11
[28/100] snap t16  gibbs  P*=0.0052  E=26.301  bits=0000110  nit=1
[29/100] snap t12  gibbs  P*=0.9156  E=-11.116  bits=0110000  nit=67
[30/100] snap t14  gibbs  P*=0.8196  E=-2.409  bits=0110000  nit=57
[31/100] snap t13  energy  P*=0.0001  E=-4.893  bits=0010110  nit=97
[32/100] snap t18  gibbs  P*=0.0071  E=24.477  bits=0100101  nit=1
[33/100] snap t17  gibbs  P*=0.8900  E=-9.073  bits=0110000  nit=51
[34/100] snap t15  energy  P*=0.0174  E=-5.227  bits=0110100  nit=56
[35/100] snap t16  energy  P*=0.0000  E=-3.685  bits=0010110  nit=59
[36/100] snap t14  energy  P*=0.0000  E=-3.521  bits=0010110  nit=79
[37/100] snap t17  energy  P*=0.9110  E=-11.486  bits=0110000  nit=57
[38/100] snap t19  gibbs  P*=0.6168  E=-3.064  bits=0110000  nit=21
[39/100] snap t18  energy  P*=0.0000  E=-4.618  bits=0010110  nit=59
[40/100] snap t20  gibbs  P*=0.8015  E=-9.719  bits=0110000  nit=42
[41/100] snap t19  energy  P*=0.4223  E=-9.834  bits=0110000  nit=46
[42/100] snap t21  gibbs  P*=0.8633  E=-3.155  bits=0110000  nit=51
[43/100] snap t23  gibbs  P*=0.8916  E=-6.773  bits=0110000  nit=44
[44/100] snap t20  energy  P*=0.4271  E=-9.815  bits=0110000  nit=71
[45/100] snap t24  gibbs  P*=0.3801  E=12.290  bits=0110000  nit=6
[46/100] snap t21  energy  P*=0.0000  E=-4.616  bits=0010110  nit=73
[47/100] snap t22  gibbs  P*=0.8227  E=-3.578  bits=0110000  nit=93
[48/100] snap t22  energy  P*=0.0000  E=-2.086  bits=0100001  nit=62
[49/100] snap t23  energy  P*=0.0007  E=-3.231  bits=0010110  nit=55
[50/100] snap t24  energy  P*=0.0000  E=-3.044  bits=0100110  nit=47
[51/100] snap t27  gibbs  P*=0.4920  E=3.287  bits=0110000  nit=6
[52/100] snap t25  gibbs  P*=0.8466  E=-7.297  bits=0110000  nit=68
[53/100] snap t26  energy  P*=0.6627  E=-9.965  bits=0110000  nit=38
[54/100] snap t25  energy  P*=0.9127  E=-11.255  bits=0110000  nit=66
[55/100] snap t26  gibbs  P*=0.9857  E=-11.224  bits=0110000  nit=57
[56/100] snap t29  gibbs  P*=0.6867  E=-2.220  bits=0110000  nit=6
[57/100] snap t30  gibbs  P*=0.0312  E=31.605  bits=0110011  nit=1
[58/100] snap t27  energy  P*=0.4485  E=-9.767  bits=0110000  nit=60
[59/100] snap t28  gibbs  P*=0.8668  E=-4.049  bits=0110000  nit=88
[60/100] snap t30  energy  P*=0.0145  E=-6.177  bits=0101100  nit=65
[61/100] snap t32  gibbs  P*=0.5303  E=2.857  bits=0110000  nit=11
[62/100] snap t28  energy  P*=0.8213  E=-10.933  bits=0110000  nit=109
[63/100] snap t31  energy  P*=0.9127  E=-11.255  bits=0110000  nit=58
[64/100] snap t31  gibbs  P*=0.9152  E=-11.155  bits=0110000  nit=76
[65/100] snap t29  energy  P*=0.7176  E=-10.948  bits=0110000  nit=73
[66/100] snap t34  gibbs  P*=0.2838  E=10.224  bits=0110000  nit=1
[67/100] snap t35  gibbs  P*=0.8855  E=-8.764  bits=0110000  nit=66
[68/100] snap t33  energy  P*=0.0000  E=-4.290  bits=0010001  nit=84
[69/100] snap t32  energy  P*=0.0000  E=-4.290  bits=0010001  nit=70
[70/100] snap t37  gibbs  P*=0.0477  E=23.343  bits=0111000  nit=1
[71/100] snap t36  energy  P*=0.0004  E=-3.792  bits=0010110  nit=59
[72/100] snap t33  gibbs  P*=0.8444  E=-4.306  bits=0110000  nit=107
[73/100] snap t34  energy  P*=0.4657  E=-10.151  bits=0110000  nit=81
[74/100] snap t35  energy  P*=0.9010  E=-11.397  bits=0110000  nit=66
[75/100] snap t39  gibbs  P*=0.0168  E=37.847  bits=0111011  nit=1
[76/100] snap t38  energy  P*=0.4657  E=-10.151  bits=0110000  nit=49
[77/100] snap t38  gibbs  P*=0.9156  E=-11.328  bits=0110000  nit=46
[78/100] snap t37  energy  P*=0.9010  E=-11.397  bits=0110000  nit=50
[79/100] snap t41  gibbs  P*=0.6459  E=0.537  bits=0110000  nit=11
[80/100] snap t39  energy  P*=0.0000  E=-3.420  bits=0001001  nit=55
[81/100] snap t40  gibbs  P*=0.8900  E=-9.073  bits=0110000  nit=47
[82/100] snap t36  gibbs  P*=0.8015  E=-9.719  bits=0110000  nit=82
[83/100] snap t42  gibbs  P*=0.8423  E=-7.007  bits=0110000  nit=51
[84/100] snap t41  energy  P*=0.0004  E=-4.143  bits=0010110  nit=65
[85/100] snap t42  energy  P*=0.0121  E=-4.388  bits=0110100  nit=50
[86/100] snap t44  gibbs  P*=0.4726  E=3.568  bits=0110000  nit=6
[87/100] snap t45  gibbs  P*=0.0843  E=25.946  bits=0001000  nit=1
[88/100] snap t40  energy  P*=0.9010  E=-11.397  bits=0110000  nit=95
[89/100] snap t46  gibbs  P*=0.3754  E=11.504  bits=0110000  nit=11
[90/100] snap t44  energy  P*=0.0000  E=-4.282  bits=0010001  nit=75
[91/100] snap t43  gibbs  P*=0.8466  E=-7.297  bits=0110000  nit=100
[92/100] snap t43  energy  P*=0.0000  E=-5.496  bits=0010110  nit=100
[93/100] snap t45  energy  P*=0.4386  E=-9.931  bits=0110000  nit=48
[94/100] snap t47  energy  P*=0.4464  E=-8.240  bits=0110000  nit=63
[95/100] snap t46  energy  P*=0.0000  E=-5.054  bits=0010110  nit=85
[96/100] snap t48  gibbs  P*=0.9857  E=-11.224  bits=0110000  nit=62
[97/100] snap t47  gibbs  P*=0.9076  E=-11.187  bits=0110000  nit=91
[98/100] snap t49  energy  P*=0.9120  E=-11.419  bits=0110000  nit=69
[99/100] snap t48  energy  P*=0.7447  E=-11.073  bits=0110000  nit=75
[100/100] snap t49  gibbs  P*=0.9156  E=-11.323  bits=0110000  nit=94
  snap energy: 23/50 hit GS  best P*=0.9127  mean P*=0.3413
  snap gibbs: 40/50 hit GS  best P*=0.9857  mean P*=0.5770
  paired: Gibbs-only 19  energy-only 2  both 21  neither 8
  wall 626.6s
# SNAP vs ECD: most-likely bitstring is the knapsack optimum (0110000)

Same Fig. 5 protocol (vacuum, notebook Uniform init, BFGS).
SNAP depths 1–2 keep the parameter count at or under ECD N_d=5 (40 params).

## ECD-VQE  N_d=5  params=40  n=50
- energy: 34%  (17/50)  mean P*=0.314
- Gibbs:  84%  (42/50)  mean P*=0.617
- paired: Gibbs-only 27, energy-only 2, both 15, neither 6

## SNAP-VQE  N_d=1  params=18  n=50
- energy: 0%  (0/50)  mean P*=0.011
- Gibbs:  0%  (0/50)  mean P*=0.054
- paired: Gibbs-only 0, energy-only 0, both 0, neither 50

## SNAP-VQE  N_d=2  params=36  n=50
- energy: 46%  (23/50)  mean P*=0.341
- Gibbs:  80%  (40/50)  mean P*=0.577
- paired: Gibbs-only 19, energy-only 2, both 21, neither 8

## Same-seed ECD N_d=5 vs SNAP N_d=1
- energy: both 0, ECD-only 17, SNAP-only 0, neither 33
- Gibbs:  both 0, ECD-only 42, SNAP-only 0, neither 8

## Same-seed ECD N_d=5 vs SNAP N_d=2
- energy: both 10, ECD-only 7, SNAP-only 13, neither 20
- Gibbs:  both 35, ECD-only 7, SNAP-only 5, neither 3
Wrote paper_result/out/snap_vs_ecd.png

