2026-09-10T10:22:50Z START snap H0 nd=3 smoke shots=4000 n_train=12 remain=41230s
2026-09-10T10:27:36Z START snap H0 nd=3 smoke shots=4000 n_train=12 remain=40944s
2026-09-10T10:28:13Z DONE snap H0 smoke remain=40907s
2026-09-10T10:28:13Z START snap H0 nd=3 s8192 shots=8192 n_train=40 remain=40907s
2026-09-10T10:30:13Z DONE snap H0 s8192 remain=40787s
2026-09-10T10:30:13Z START ecd H16 nd=4 smoke shots=4000 n_train=12 remain=40787s
2026-09-10T10:30:59Z DONE ecd H16 smoke remain=40741s
2026-09-10T10:30:59Z START ecd H16 nd=4 s8192 shots=8192 n_train=40 remain=40741s
2026-09-10T10:34:45Z DONE ecd H16 s8192 remain=40515s
2026-09-10T10:34:45Z START ecd H10 nd=4 smoke shots=4000 n_train=12 remain=40515s
2026-09-10T10:35:29Z DONE ecd H10 smoke remain=40471s
2026-09-10T10:35:29Z START ecd H10 nd=4 s8192 shots=8192 n_train=40 remain=40471s
2026-09-10T10:38:12Z DONE ecd H10 s8192 remain=40308s
2026-09-10T10:38:12Z START ecd H18 nd=4 smoke shots=4000 n_train=12 remain=40308s
2026-09-10T10:38:56Z DONE ecd H18 smoke remain=40264s
2026-09-10T10:38:56Z START ecd H18 nd=4 s8192 shots=8192 n_train=40 remain=40264s
2026-09-10T10:41:45Z DONE ecd H18 s8192 remain=40095s
2026-09-10T10:41:45Z START snap H1 nd=3 s8192 shots=8192 n_train=40 remain=40095s
2026-09-10T10:43:52Z DONE snap H1 s8192 remain=39968s
2026-09-10T10:43:52Z START snap H2 nd=3 s8192 shots=8192 n_train=40 remain=39968s
2026-09-10T10:45:56Z DONE snap H2 s8192 remain=39844s
2026-09-10T10:45:56Z START snap H3 nd=3 s8192 shots=8192 n_train=40 remain=39844s
2026-09-10T10:48:08Z DONE snap H3 s8192 remain=39712s
2026-09-10T10:48:08Z START snap H4 nd=3 s8192 shots=8192 n_train=40 remain=39712s
2026-09-10T10:50:13Z DONE snap H4 s8192 remain=39587s
2026-09-10T10:50:13Z START snap H5 nd=3 s8192 shots=8192 n_train=40 remain=39587s
2026-09-10T10:52:34Z DONE snap H5 s8192 remain=39446s
2026-09-10T10:52:34Z START snap H6 nd=3 s8192 shots=8192 n_train=40 remain=39446s
2026-09-10T10:54:16Z DONE snap H6 s8192 remain=39344s
2026-09-10T10:54:16Z START snap H7 nd=3 s8192 shots=8192 n_train=40 remain=39344s
